Archive member included to satisfy reference by file (symbol)

c:/program files (x86)/atmel/studio/7.0/toolchain/avr8/avr8-gnu-toolchain/bin/../lib/gcc/avr/4.9.2/avr5\libgcc.a(_exit.o)
                              C:/Mplap/packs/Microchip/ATmega_DFP/3.0.158/gcc/dev/atmega328/avr5/crtatmega328.o (exit)
c:/program files (x86)/atmel/studio/7.0/toolchain/avr8/avr8-gnu-toolchain/bin/../lib/gcc/avr/4.9.2/avr5\libgcc.a(_tablejump2.o)
                              build/Config_1/debug/Ecal_layer/7_segment/ecu_7_segment.o (__tablejump2__)
c:/program files (x86)/atmel/studio/7.0/toolchain/avr8/avr8-gnu-toolchain/bin/../lib/gcc/avr/4.9.2/avr5\libgcc.a(_copy_data.o)
                              build/Config_1/debug/Mcal_layer/Atmega328P_Mcal_gpio/Atmega328P_Mcal_gpio.o (__do_copy_data)
c:/program files (x86)/atmel/studio/7.0/toolchain/avr8/avr8-gnu-toolchain/bin/../lib/gcc/avr/4.9.2/avr5\libgcc.a(_clear_bss.o)
                              build/Config_1/debug/Ecal_layer/DC_MOTOR/ecu_dc_motor.o (__do_clear_bss)

Allocating common symbols
Common symbol       size              file

state               0x1               build/Config_1/debug/Application.o
ret                 0x1               build/Config_1/debug/Application.o

Discarded input sections

 .data          0x00000000        0x0 C:/Mplap/packs/Microchip/ATmega_DFP/3.0.158/gcc/dev/atmega328/avr5/crtatmega328.o
 .bss           0x00000000        0x0 C:/Mplap/packs/Microchip/ATmega_DFP/3.0.158/gcc/dev/atmega328/avr5/crtatmega328.o
 .text          0x00000000        0x0 build/Config_1/debug/Ecal_layer/7_segment/ecu_7_segment.o
 .data          0x00000000        0x0 build/Config_1/debug/Ecal_layer/7_segment/ecu_7_segment.o
 .bss           0x00000000        0x0 build/Config_1/debug/Ecal_layer/7_segment/ecu_7_segment.o
 .text.intialize_seg_pins
                0x00000000       0x5c build/Config_1/debug/Ecal_layer/7_segment/ecu_7_segment.o
 .text.show_num
                0x00000000      0x196 build/Config_1/debug/Ecal_layer/7_segment/ecu_7_segment.o
 .progmem.gcc_sw_table.show_num
                0x00000000       0x28 build/Config_1/debug/Ecal_layer/7_segment/ecu_7_segment.o
 .debug_info    0x00000000      0x3b0 build/Config_1/debug/Ecal_layer/7_segment/ecu_7_segment.o
 .debug_abbrev  0x00000000      0x187 build/Config_1/debug/Ecal_layer/7_segment/ecu_7_segment.o
 .debug_loc     0x00000000      0x4f7 build/Config_1/debug/Ecal_layer/7_segment/ecu_7_segment.o
 .debug_aranges
                0x00000000       0x28 build/Config_1/debug/Ecal_layer/7_segment/ecu_7_segment.o
 .debug_ranges  0x00000000       0x18 build/Config_1/debug/Ecal_layer/7_segment/ecu_7_segment.o
 .debug_line    0x00000000      0x1c2 build/Config_1/debug/Ecal_layer/7_segment/ecu_7_segment.o
 .debug_str     0x00000000      0x31c build/Config_1/debug/Ecal_layer/7_segment/ecu_7_segment.o
 .comment       0x00000000       0x31 build/Config_1/debug/Ecal_layer/7_segment/ecu_7_segment.o
 .debug_frame   0x00000000       0x5c build/Config_1/debug/Ecal_layer/7_segment/ecu_7_segment.o
 .text          0x00000000        0x0 build/Config_1/debug/Ecal_layer/DC_MOTOR/ecu_dc_motor.o
 .data          0x00000000        0x0 build/Config_1/debug/Ecal_layer/DC_MOTOR/ecu_dc_motor.o
 .bss           0x00000000        0x0 build/Config_1/debug/Ecal_layer/DC_MOTOR/ecu_dc_motor.o
 .text.dc_motor_intialize
                0x00000000      0x120 build/Config_1/debug/Ecal_layer/DC_MOTOR/ecu_dc_motor.o
 .text.dc_motor_move_right
                0x00000000       0x42 build/Config_1/debug/Ecal_layer/DC_MOTOR/ecu_dc_motor.o
 .text.dc_motor_move_left
                0x00000000       0x42 build/Config_1/debug/Ecal_layer/DC_MOTOR/ecu_dc_motor.o
 .text.dc_motor_stop
                0x00000000       0x42 build/Config_1/debug/Ecal_layer/DC_MOTOR/ecu_dc_motor.o
 .bss._Motor_B  0x00000000        0x2 build/Config_1/debug/Ecal_layer/DC_MOTOR/ecu_dc_motor.o
 .bss._Motor_A  0x00000000        0x2 build/Config_1/debug/Ecal_layer/DC_MOTOR/ecu_dc_motor.o
 .debug_info    0x00000000      0x55e build/Config_1/debug/Ecal_layer/DC_MOTOR/ecu_dc_motor.o
 .debug_abbrev  0x00000000      0x155 build/Config_1/debug/Ecal_layer/DC_MOTOR/ecu_dc_motor.o
 .debug_loc     0x00000000      0x46a build/Config_1/debug/Ecal_layer/DC_MOTOR/ecu_dc_motor.o
 .debug_aranges
                0x00000000       0x38 build/Config_1/debug/Ecal_layer/DC_MOTOR/ecu_dc_motor.o
 .debug_ranges  0x00000000       0x28 build/Config_1/debug/Ecal_layer/DC_MOTOR/ecu_dc_motor.o
 .debug_line    0x00000000      0x18d build/Config_1/debug/Ecal_layer/DC_MOTOR/ecu_dc_motor.o
 .debug_str     0x00000000      0x2d3 build/Config_1/debug/Ecal_layer/DC_MOTOR/ecu_dc_motor.o
 .comment       0x00000000       0x31 build/Config_1/debug/Ecal_layer/DC_MOTOR/ecu_dc_motor.o
 .debug_frame   0x00000000       0x54 build/Config_1/debug/Ecal_layer/DC_MOTOR/ecu_dc_motor.o
 .text          0x00000000        0x0 build/Config_1/debug/Ecal_layer/ecu_led/ecu_led.o
 .data          0x00000000        0x0 build/Config_1/debug/Ecal_layer/ecu_led/ecu_led.o
 .bss           0x00000000        0x0 build/Config_1/debug/Ecal_layer/ecu_led/ecu_led.o
 .text.led_toggle
                0x00000000       0x46 build/Config_1/debug/Ecal_layer/ecu_led/ecu_led.o
 .text          0x00000000        0x0 build/Config_1/debug/Ecal_layer/ecu_push_button/ecu_push_button.o
 .data          0x00000000        0x0 build/Config_1/debug/Ecal_layer/ecu_push_button/ecu_push_button.o
 .bss           0x00000000        0x0 build/Config_1/debug/Ecal_layer/ecu_push_button/ecu_push_button.o
 .text          0x00000000        0x0 build/Config_1/debug/Mcal_layer/Atmega328P_Mcal_gpio/Atmega328P_Mcal_gpio.o
 .data          0x00000000        0x0 build/Config_1/debug/Mcal_layer/Atmega328P_Mcal_gpio/Atmega328P_Mcal_gpio.o
 .bss           0x00000000        0x0 build/Config_1/debug/Mcal_layer/Atmega328P_Mcal_gpio/Atmega328P_Mcal_gpio.o
 .text.gpio_pin_get_dirction
                0x00000000       0x50 build/Config_1/debug/Mcal_layer/Atmega328P_Mcal_gpio/Atmega328P_Mcal_gpio.o
 .text.gpio_pin_toggle_logic
                0x00000000       0x40 build/Config_1/debug/Mcal_layer/Atmega328P_Mcal_gpio/Atmega328P_Mcal_gpio.o
 .text.gpio_port_dirction_intialize
                0x00000000       0x20 build/Config_1/debug/Mcal_layer/Atmega328P_Mcal_gpio/Atmega328P_Mcal_gpio.o
 .text.gpio_port_get_dirction
                0x00000000        0x2 build/Config_1/debug/Mcal_layer/Atmega328P_Mcal_gpio/Atmega328P_Mcal_gpio.o
 .text.gpio_port_write_logic
                0x00000000        0x2 build/Config_1/debug/Mcal_layer/Atmega328P_Mcal_gpio/Atmega328P_Mcal_gpio.o
 .text.gpio_port_read_logic
                0x00000000        0x2 build/Config_1/debug/Mcal_layer/Atmega328P_Mcal_gpio/Atmega328P_Mcal_gpio.o
 .text.gpio_port_toggle_logic
                0x00000000        0x2 build/Config_1/debug/Mcal_layer/Atmega328P_Mcal_gpio/Atmega328P_Mcal_gpio.o
 .text          0x00000000        0x0 build/Config_1/debug/Mcal_layer/Device_config/Atmega328p_device_config.o
 .data          0x00000000        0x0 build/Config_1/debug/Mcal_layer/Device_config/Atmega328p_device_config.o
 .bss           0x00000000        0x0 build/Config_1/debug/Mcal_layer/Device_config/Atmega328p_device_config.o
 .text          0x00000000        0x0 build/Config_1/debug/Application.o
 .data          0x00000000        0x0 build/Config_1/debug/Application.o
 .bss           0x00000000        0x0 build/Config_1/debug/Application.o
 .text.App_intialize
                0x00000000        0x2 build/Config_1/debug/Application.o
 .bss.count     0x00000000        0x1 build/Config_1/debug/Application.o
 .data.seven_seg_1
                0x00000000        0x9 build/Config_1/debug/Application.o
 .text          0x00000000        0x0 c:/program files (x86)/atmel/studio/7.0/toolchain/avr8/avr8-gnu-toolchain/bin/../lib/gcc/avr/4.9.2/avr5\libgcc.a(_exit.o)
 .data          0x00000000        0x0 c:/program files (x86)/atmel/studio/7.0/toolchain/avr8/avr8-gnu-toolchain/bin/../lib/gcc/avr/4.9.2/avr5\libgcc.a(_exit.o)
 .bss           0x00000000        0x0 c:/program files (x86)/atmel/studio/7.0/toolchain/avr8/avr8-gnu-toolchain/bin/../lib/gcc/avr/4.9.2/avr5\libgcc.a(_exit.o)
 .text.libgcc.mul
                0x00000000        0x0 c:/program files (x86)/atmel/studio/7.0/toolchain/avr8/avr8-gnu-toolchain/bin/../lib/gcc/avr/4.9.2/avr5\libgcc.a(_exit.o)
 .text.libgcc.div
                0x00000000        0x0 c:/program files (x86)/atmel/studio/7.0/toolchain/avr8/avr8-gnu-toolchain/bin/../lib/gcc/avr/4.9.2/avr5\libgcc.a(_exit.o)
 .text.libgcc   0x00000000        0x0 c:/program files (x86)/atmel/studio/7.0/toolchain/avr8/avr8-gnu-toolchain/bin/../lib/gcc/avr/4.9.2/avr5\libgcc.a(_exit.o)
 .text.libgcc.prologue
                0x00000000        0x0 c:/program files (x86)/atmel/studio/7.0/toolchain/avr8/avr8-gnu-toolchain/bin/../lib/gcc/avr/4.9.2/avr5\libgcc.a(_exit.o)
 .text.libgcc.builtins
                0x00000000        0x0 c:/program files (x86)/atmel/studio/7.0/toolchain/avr8/avr8-gnu-toolchain/bin/../lib/gcc/avr/4.9.2/avr5\libgcc.a(_exit.o)
 .text.libgcc.fmul
                0x00000000        0x0 c:/program files (x86)/atmel/studio/7.0/toolchain/avr8/avr8-gnu-toolchain/bin/../lib/gcc/avr/4.9.2/avr5\libgcc.a(_exit.o)
 .text.libgcc.fixed
                0x00000000        0x0 c:/program files (x86)/atmel/studio/7.0/toolchain/avr8/avr8-gnu-toolchain/bin/../lib/gcc/avr/4.9.2/avr5\libgcc.a(_exit.o)
 .text          0x00000000        0x0 c:/program files (x86)/atmel/studio/7.0/toolchain/avr8/avr8-gnu-toolchain/bin/../lib/gcc/avr/4.9.2/avr5\libgcc.a(_tablejump2.o)
 .data          0x00000000        0x0 c:/program files (x86)/atmel/studio/7.0/toolchain/avr8/avr8-gnu-toolchain/bin/../lib/gcc/avr/4.9.2/avr5\libgcc.a(_tablejump2.o)
 .bss           0x00000000        0x0 c:/program files (x86)/atmel/studio/7.0/toolchain/avr8/avr8-gnu-toolchain/bin/../lib/gcc/avr/4.9.2/avr5\libgcc.a(_tablejump2.o)
 .text.libgcc.mul
                0x00000000        0x0 c:/program files (x86)/atmel/studio/7.0/toolchain/avr8/avr8-gnu-toolchain/bin/../lib/gcc/avr/4.9.2/avr5\libgcc.a(_tablejump2.o)
 .text.libgcc.div
                0x00000000        0x0 c:/program files (x86)/atmel/studio/7.0/toolchain/avr8/avr8-gnu-toolchain/bin/../lib/gcc/avr/4.9.2/avr5\libgcc.a(_tablejump2.o)
 .text.libgcc   0x00000000        0xc c:/program files (x86)/atmel/studio/7.0/toolchain/avr8/avr8-gnu-toolchain/bin/../lib/gcc/avr/4.9.2/avr5\libgcc.a(_tablejump2.o)
 .text.libgcc.prologue
                0x00000000        0x0 c:/program files (x86)/atmel/studio/7.0/toolchain/avr8/avr8-gnu-toolchain/bin/../lib/gcc/avr/4.9.2/avr5\libgcc.a(_tablejump2.o)
 .text.libgcc.builtins
                0x00000000        0x0 c:/program files (x86)/atmel/studio/7.0/toolchain/avr8/avr8-gnu-toolchain/bin/../lib/gcc/avr/4.9.2/avr5\libgcc.a(_tablejump2.o)
 .text.libgcc.fmul
                0x00000000        0x0 c:/program files (x86)/atmel/studio/7.0/toolchain/avr8/avr8-gnu-toolchain/bin/../lib/gcc/avr/4.9.2/avr5\libgcc.a(_tablejump2.o)
 .text.libgcc.fixed
                0x00000000        0x0 c:/program files (x86)/atmel/studio/7.0/toolchain/avr8/avr8-gnu-toolchain/bin/../lib/gcc/avr/4.9.2/avr5\libgcc.a(_tablejump2.o)
 .text          0x00000000        0x0 c:/program files (x86)/atmel/studio/7.0/toolchain/avr8/avr8-gnu-toolchain/bin/../lib/gcc/avr/4.9.2/avr5\libgcc.a(_copy_data.o)
 .data          0x00000000        0x0 c:/program files (x86)/atmel/studio/7.0/toolchain/avr8/avr8-gnu-toolchain/bin/../lib/gcc/avr/4.9.2/avr5\libgcc.a(_copy_data.o)
 .bss           0x00000000        0x0 c:/program files (x86)/atmel/studio/7.0/toolchain/avr8/avr8-gnu-toolchain/bin/../lib/gcc/avr/4.9.2/avr5\libgcc.a(_copy_data.o)
 .text.libgcc.mul
                0x00000000        0x0 c:/program files (x86)/atmel/studio/7.0/toolchain/avr8/avr8-gnu-toolchain/bin/../lib/gcc/avr/4.9.2/avr5\libgcc.a(_copy_data.o)
 .text.libgcc.div
                0x00000000        0x0 c:/program files (x86)/atmel/studio/7.0/toolchain/avr8/avr8-gnu-toolchain/bin/../lib/gcc/avr/4.9.2/avr5\libgcc.a(_copy_data.o)
 .text.libgcc   0x00000000        0x0 c:/program files (x86)/atmel/studio/7.0/toolchain/avr8/avr8-gnu-toolchain/bin/../lib/gcc/avr/4.9.2/avr5\libgcc.a(_copy_data.o)
 .text.libgcc.prologue
                0x00000000        0x0 c:/program files (x86)/atmel/studio/7.0/toolchain/avr8/avr8-gnu-toolchain/bin/../lib/gcc/avr/4.9.2/avr5\libgcc.a(_copy_data.o)
 .text.libgcc.builtins
                0x00000000        0x0 c:/program files (x86)/atmel/studio/7.0/toolchain/avr8/avr8-gnu-toolchain/bin/../lib/gcc/avr/4.9.2/avr5\libgcc.a(_copy_data.o)
 .text.libgcc.fmul
                0x00000000        0x0 c:/program files (x86)/atmel/studio/7.0/toolchain/avr8/avr8-gnu-toolchain/bin/../lib/gcc/avr/4.9.2/avr5\libgcc.a(_copy_data.o)
 .text.libgcc.fixed
                0x00000000        0x0 c:/program files (x86)/atmel/studio/7.0/toolchain/avr8/avr8-gnu-toolchain/bin/../lib/gcc/avr/4.9.2/avr5\libgcc.a(_copy_data.o)
 .text          0x00000000        0x0 c:/program files (x86)/atmel/studio/7.0/toolchain/avr8/avr8-gnu-toolchain/bin/../lib/gcc/avr/4.9.2/avr5\libgcc.a(_clear_bss.o)
 .data          0x00000000        0x0 c:/program files (x86)/atmel/studio/7.0/toolchain/avr8/avr8-gnu-toolchain/bin/../lib/gcc/avr/4.9.2/avr5\libgcc.a(_clear_bss.o)
 .bss           0x00000000        0x0 c:/program files (x86)/atmel/studio/7.0/toolchain/avr8/avr8-gnu-toolchain/bin/../lib/gcc/avr/4.9.2/avr5\libgcc.a(_clear_bss.o)
 .text.libgcc.mul
                0x00000000        0x0 c:/program files (x86)/atmel/studio/7.0/toolchain/avr8/avr8-gnu-toolchain/bin/../lib/gcc/avr/4.9.2/avr5\libgcc.a(_clear_bss.o)
 .text.libgcc.div
                0x00000000        0x0 c:/program files (x86)/atmel/studio/7.0/toolchain/avr8/avr8-gnu-toolchain/bin/../lib/gcc/avr/4.9.2/avr5\libgcc.a(_clear_bss.o)
 .text.libgcc   0x00000000        0x0 c:/program files (x86)/atmel/studio/7.0/toolchain/avr8/avr8-gnu-toolchain/bin/../lib/gcc/avr/4.9.2/avr5\libgcc.a(_clear_bss.o)
 .text.libgcc.prologue
                0x00000000        0x0 c:/program files (x86)/atmel/studio/7.0/toolchain/avr8/avr8-gnu-toolchain/bin/../lib/gcc/avr/4.9.2/avr5\libgcc.a(_clear_bss.o)
 .text.libgcc.builtins
                0x00000000        0x0 c:/program files (x86)/atmel/studio/7.0/toolchain/avr8/avr8-gnu-toolchain/bin/../lib/gcc/avr/4.9.2/avr5\libgcc.a(_clear_bss.o)
 .text.libgcc.fmul
                0x00000000        0x0 c:/program files (x86)/atmel/studio/7.0/toolchain/avr8/avr8-gnu-toolchain/bin/../lib/gcc/avr/4.9.2/avr5\libgcc.a(_clear_bss.o)
 .text.libgcc.fixed
                0x00000000        0x0 c:/program files (x86)/atmel/studio/7.0/toolchain/avr8/avr8-gnu-toolchain/bin/../lib/gcc/avr/4.9.2/avr5\libgcc.a(_clear_bss.o)

Memory Configuration

Name             Origin             Length             Attributes
text             0x00000000         0x00020000         xr
data             0x00800060         0x0000ffa0         rw !x
eeprom           0x00810000         0x00010000         rw !x
fuse             0x00820000         0x00000400         rw !x
lock             0x00830000         0x00000400         rw !x
signature        0x00840000         0x00000400         rw !x
user_signatures  0x00850000         0x00000400         rw !x
*default*        0x00000000         0xffffffff

Linker script and memory map

Address of section .data set to 0x800100
LOAD C:/Mplap/packs/Microchip/ATmega_DFP/3.0.158/gcc/dev/atmega328/avr5/crtatmega328.o
LOAD build/Config_1/debug/Ecal_layer/7_segment/ecu_7_segment.o
LOAD build/Config_1/debug/Ecal_layer/DC_MOTOR/ecu_dc_motor.o
LOAD build/Config_1/debug/Ecal_layer/ecu_led/ecu_led.o
LOAD build/Config_1/debug/Ecal_layer/ecu_push_button/ecu_push_button.o
LOAD build/Config_1/debug/Mcal_layer/Atmega328P_Mcal_gpio/Atmega328P_Mcal_gpio.o
LOAD build/Config_1/debug/Mcal_layer/Device_config/Atmega328p_device_config.o
LOAD build/Config_1/debug/Application.o
                0x00000001                __MPLAB_BUILD = 0x1
                0x00000001                __MPLAB_DEBUG = 0x1
                0x00000001                __DEBUG = 0x1
                0x00000001                __MPLAB_DEBUGGER_SIMULATOR = 0x1
START GROUP
LOAD c:/program files (x86)/atmel/studio/7.0/toolchain/avr8/avr8-gnu-toolchain/bin/../lib/gcc/avr/4.9.2/../../../../avr/lib/avr5\libm.a
END GROUP
START GROUP
LOAD c:/program files (x86)/atmel/studio/7.0/toolchain/avr8/avr8-gnu-toolchain/bin/../lib/gcc/avr/4.9.2/avr5\libgcc.a
LOAD c:/program files (x86)/atmel/studio/7.0/toolchain/avr8/avr8-gnu-toolchain/bin/../lib/gcc/avr/4.9.2/../../../../avr/lib/avr5\libm.a
LOAD c:/program files (x86)/atmel/studio/7.0/toolchain/avr8/avr8-gnu-toolchain/bin/../lib/gcc/avr/4.9.2/../../../../avr/lib/avr5\libc.a
LOAD C:/Mplap/packs/Microchip/ATmega_DFP/3.0.158/gcc/dev/atmega328/avr5\libatmega328.a
END GROUP

.hash
 *(.hash)

.dynsym
 *(.dynsym)

.dynstr
 *(.dynstr)

.gnu.version
 *(.gnu.version)

.gnu.version_d
 *(.gnu.version_d)

.gnu.version_r
 *(.gnu.version_r)

.rel.init
 *(.rel.init)

.rela.init
 *(.rela.init)

.rel.text
 *(.rel.text)
 *(.rel.text.*)
 *(.rel.gnu.linkonce.t*)

.rela.text
 *(.rela.text)
 *(.rela.text.*)
 *(.rela.gnu.linkonce.t*)

.rel.fini
 *(.rel.fini)

.rela.fini
 *(.rela.fini)

.rel.rodata
 *(.rel.rodata)
 *(.rel.rodata.*)
 *(.rel.gnu.linkonce.r*)

.rela.rodata
 *(.rela.rodata)
 *(.rela.rodata.*)
 *(.rela.gnu.linkonce.r*)

.rel.data
 *(.rel.data)
 *(.rel.data.*)
 *(.rel.gnu.linkonce.d*)

.rela.data
 *(.rela.data)
 *(.rela.data.*)
 *(.rela.gnu.linkonce.d*)

.rel.ctors
 *(.rel.ctors)

.rela.ctors
 *(.rela.ctors)

.rel.dtors
 *(.rel.dtors)

.rela.dtors
 *(.rela.dtors)

.rel.got
 *(.rel.got)

.rela.got
 *(.rela.got)

.rel.bss
 *(.rel.bss)

.rela.bss
 *(.rela.bss)

.rel.plt
 *(.rel.plt)

.rela.plt
 *(.rela.plt)

.text           0x00000000      0x4be
 *(.vectors)
 .vectors       0x00000000       0x68 C:/Mplap/packs/Microchip/ATmega_DFP/3.0.158/gcc/dev/atmega328/avr5/crtatmega328.o
                0x00000000                __vector_default
                0x00000000                __vectors
 *(.vectors)
 *(.progmem.gcc*)
                0x00000068                . = ALIGN (0x2)
                0x00000068                __trampolines_start = .
 *(.trampolines)
 .trampolines   0x00000068        0x0 linker stubs
 *(.trampolines*)
                0x00000068                __trampolines_end = .
 *(.progmem*)
                0x00000068                . = ALIGN (0x2)
 *(.jumptables)
 *(.jumptables*)
 *(.lowtext)
 *(.lowtext*)
                0x00000068                __ctors_start = .
 *(.ctors)
                0x00000068                __ctors_end = .
                0x00000068                __dtors_start = .
 *(.dtors)
                0x00000068                __dtors_end = .
 SORT(*)(.ctors)
 SORT(*)(.dtors)
 *(.init0)
 .init0         0x00000068        0x0 C:/Mplap/packs/Microchip/ATmega_DFP/3.0.158/gcc/dev/atmega328/avr5/crtatmega328.o
                0x00000068                __init
 *(.init0)
 *(.init1)
 *(.init1)
 *(.init2)
 .init2         0x00000068        0xc C:/Mplap/packs/Microchip/ATmega_DFP/3.0.158/gcc/dev/atmega328/avr5/crtatmega328.o
 *(.init2)
 *(.init3)
 *(.init3)
 *(.init4)
 .init4         0x00000074       0x16 c:/program files (x86)/atmel/studio/7.0/toolchain/avr8/avr8-gnu-toolchain/bin/../lib/gcc/avr/4.9.2/avr5\libgcc.a(_copy_data.o)
                0x00000074                __do_copy_data
 .init4         0x0000008a       0x10 c:/program files (x86)/atmel/studio/7.0/toolchain/avr8/avr8-gnu-toolchain/bin/../lib/gcc/avr/4.9.2/avr5\libgcc.a(_clear_bss.o)
                0x0000008a                __do_clear_bss
 *(.init4)
 *(.init5)
 *(.init5)
 *(.init6)
 *(.init6)
 *(.init7)
 *(.init7)
 *(.init8)
 *(.init8)
 *(.init9)
 .init9         0x0000009a        0x8 C:/Mplap/packs/Microchip/ATmega_DFP/3.0.158/gcc/dev/atmega328/avr5/crtatmega328.o
 *(.init9)
 *(.text)
 .text          0x000000a2        0x4 C:/Mplap/packs/Microchip/ATmega_DFP/3.0.158/gcc/dev/atmega328/avr5/crtatmega328.o
                0x000000a2                __vector_22
                0x000000a2                __vector_1
                0x000000a2                __vector_24
                0x000000a2                __vector_12
                0x000000a2                __bad_interrupt
                0x000000a2                __vector_6
                0x000000a2                __vector_3
                0x000000a2                __vector_23
                0x000000a2                __vector_25
                0x000000a2                __vector_11
                0x000000a2                __vector_13
                0x000000a2                __vector_17
                0x000000a2                __vector_19
                0x000000a2                __vector_7
                0x000000a2                __vector_5
                0x000000a2                __vector_4
                0x000000a2                __vector_9
                0x000000a2                __vector_2
                0x000000a2                __vector_21
                0x000000a2                __vector_15
                0x000000a2                __vector_8
                0x000000a2                __vector_14
                0x000000a2                __vector_10
                0x000000a2                __vector_16
                0x000000a2                __vector_18
                0x000000a2                __vector_20
                0x000000a6                . = ALIGN (0x2)
 *(.text.*)
 .text.led_intialize
                0x000000a6       0x46 build/Config_1/debug/Ecal_layer/ecu_led/ecu_led.o
                0x000000a6                led_intialize
 .text.led_turn_on
                0x000000ec       0x48 build/Config_1/debug/Ecal_layer/ecu_led/ecu_led.o
                0x000000ec                led_turn_on
 .text.led_turn_off
                0x00000134       0x48 build/Config_1/debug/Ecal_layer/ecu_led/ecu_led.o
                0x00000134                led_turn_off
 .text.button_intialize
                0x0000017c       0x3e build/Config_1/debug/Ecal_layer/ecu_push_button/ecu_push_button.o
                0x0000017c                button_intialize
 .text.button_read_state
                0x000001ba       0xf6 build/Config_1/debug/Ecal_layer/ecu_push_button/ecu_push_button.o
                0x000001ba                button_read_state
 .text.gpio_pin_dirction_intialize
                0x000002b0       0x92 build/Config_1/debug/Mcal_layer/Atmega328P_Mcal_gpio/Atmega328P_Mcal_gpio.o
                0x000002b0                gpio_pin_dirction_intialize
 .text.gpio_pin_write_logic
                0x00000342       0x84 build/Config_1/debug/Mcal_layer/Atmega328P_Mcal_gpio/Atmega328P_Mcal_gpio.o
                0x00000342                gpio_pin_write_logic
 .text.gpio_pin_read_logic
                0x000003c6       0x50 build/Config_1/debug/Mcal_layer/Atmega328P_Mcal_gpio/Atmega328P_Mcal_gpio.o
                0x000003c6                gpio_pin_read_logic
 .text.gpio_pin_intialize
                0x00000416       0x22 build/Config_1/debug/Mcal_layer/Atmega328P_Mcal_gpio/Atmega328P_Mcal_gpio.o
                0x00000416                gpio_pin_intialize
 .text.main     0x00000438       0x82 build/Config_1/debug/Application.o
                0x00000438                main
                0x000004ba                . = ALIGN (0x2)
 *(.fini9)
 .fini9         0x000004ba        0x0 c:/program files (x86)/atmel/studio/7.0/toolchain/avr8/avr8-gnu-toolchain/bin/../lib/gcc/avr/4.9.2/avr5\libgcc.a(_exit.o)
                0x000004ba                _exit
                0x000004ba                exit
 *(.fini9)
 *(.fini8)
 *(.fini8)
 *(.fini7)
 *(.fini7)
 *(.fini6)
 *(.fini6)
 *(.fini5)
 *(.fini5)
 *(.fini4)
 *(.fini4)
 *(.fini3)
 *(.fini3)
 *(.fini2)
 *(.fini2)
 *(.fini1)
 *(.fini1)
 *(.fini0)
 .fini0         0x000004ba        0x4 c:/program files (x86)/atmel/studio/7.0/toolchain/avr8/avr8-gnu-toolchain/bin/../lib/gcc/avr/4.9.2/avr5\libgcc.a(_exit.o)
 *(.fini0)
                0x000004be                _etext = .

.data           0x00800100       0x14 load address 0x000004be
                0x00800100                PROVIDE (__data_start, .)
 *(.data)
 *(.data*)
 .data.pin_reg  0x00800100        0x6 build/Config_1/debug/Mcal_layer/Atmega328P_Mcal_gpio/Atmega328P_Mcal_gpio.o
                0x00800100                pin_reg
 .data.port_reg
                0x00800106        0x6 build/Config_1/debug/Mcal_layer/Atmega328P_Mcal_gpio/Atmega328P_Mcal_gpio.o
                0x00800106                port_reg
 .data.data_dirction_reg
                0x0080010c        0x6 build/Config_1/debug/Mcal_layer/Atmega328P_Mcal_gpio/Atmega328P_Mcal_gpio.o
                0x0080010c                data_dirction_reg
 .data.btn      0x00800112        0x1 build/Config_1/debug/Application.o
                0x00800112                btn
 *(.rodata)
 *(.rodata*)
 *(.gnu.linkonce.d*)
                0x00800114                . = ALIGN (0x2)
 *fill*         0x00800113        0x1 
                0x00800114                _edata = .
                0x00800114                PROVIDE (__data_end, .)

.bss            0x00800114        0x2
                0x00800114                PROVIDE (__bss_start, .)
 *(.bss)
 *(.bss*)
 *(COMMON)
 COMMON         0x00800114        0x2 build/Config_1/debug/Application.o
                0x00800114                state
                0x00800115                ret
                0x00800116                PROVIDE (__bss_end, .)
                0x000004be                __data_load_start = LOADADDR (.data)
                0x000004d2                __data_load_end = (__data_load_start + SIZEOF (.data))

.noinit         0x00800116        0x0
                0x00800116                PROVIDE (__noinit_start, .)
 *(.noinit*)
                0x00800116                PROVIDE (__noinit_end, .)
                0x00800116                _end = .
                0x00800116                PROVIDE (__heap_start, .)

.eeprom         0x00810000        0x0
 *(.eeprom*)
                0x00810000                __eeprom_end = .

.fuse           0x00820000        0x3
 *(.fuse)
 .fuse          0x00820000        0x3 build/Config_1/debug/Mcal_layer/Device_config/Atmega328p_device_config.o
                0x00820000                __fuse
 *(.lfuse)
 *(.hfuse)
 *(.efuse)

.lock           0x00830000        0x1
 *(.lock*)
 .lock          0x00830000        0x1 build/Config_1/debug/Mcal_layer/Device_config/Atmega328p_device_config.o
                0x00830000                __lock

.signature
 *(.signature*)

.user_signatures
 *(.user_signatures*)

.stab
 *(.stab)

.stabstr
 *(.stabstr)

.stab.excl
 *(.stab.excl)

.stab.exclstr
 *(.stab.exclstr)

.stab.index
 *(.stab.index)

.stab.indexstr
 *(.stab.indexstr)

.comment        0x00000000       0x30
 *(.comment)
 .comment       0x00000000       0x30 build/Config_1/debug/Ecal_layer/ecu_led/ecu_led.o
                                 0x31 (size before relaxing)
 .comment       0x00000030       0x31 build/Config_1/debug/Ecal_layer/ecu_push_button/ecu_push_button.o
 .comment       0x00000030       0x31 build/Config_1/debug/Mcal_layer/Atmega328P_Mcal_gpio/Atmega328P_Mcal_gpio.o
 .comment       0x00000030       0x31 build/Config_1/debug/Mcal_layer/Device_config/Atmega328p_device_config.o
 .comment       0x00000030       0x31 build/Config_1/debug/Application.o

.note.gnu.avr.deviceinfo
                0x00000000       0x3c
 .note.gnu.avr.deviceinfo
                0x00000000       0x3c C:/Mplap/packs/Microchip/ATmega_DFP/3.0.158/gcc/dev/atmega328/avr5/crtatmega328.o

.note.gnu.build-id
 *(.note.gnu.build-id)

.debug
 *(.debug)

.line
 *(.line)

.debug_srcinfo
 *(.debug_srcinfo)

.debug_sfnames
 *(.debug_sfnames)

.debug_aranges  0x00000000      0x110
 *(.debug_aranges)
 .debug_aranges
                0x00000000       0x38 build/Config_1/debug/Ecal_layer/ecu_led/ecu_led.o
 .debug_aranges
                0x00000038       0x28 build/Config_1/debug/Ecal_layer/ecu_push_button/ecu_push_button.o
 .debug_aranges
                0x00000060       0x70 build/Config_1/debug/Mcal_layer/Atmega328P_Mcal_gpio/Atmega328P_Mcal_gpio.o
 .debug_aranges
                0x000000d0       0x18 build/Config_1/debug/Mcal_layer/Device_config/Atmega328p_device_config.o
 .debug_aranges
                0x000000e8       0x28 build/Config_1/debug/Application.o

.debug_pubnames
 *(.debug_pubnames)

.debug_info     0x00000000     0x1e92
 *(.debug_info .gnu.linkonce.wi.*)
 .debug_info    0x00000000      0x5f4 C:/Mplap/packs/Microchip/ATmega_DFP/3.0.158/gcc/dev/atmega328/avr5/crtatmega328.o
 .debug_info    0x000005f4      0x33b build/Config_1/debug/Ecal_layer/ecu_led/ecu_led.o
 .debug_info    0x0000092f      0x422 build/Config_1/debug/Ecal_layer/ecu_push_button/ecu_push_button.o
 .debug_info    0x00000d51      0xb6c build/Config_1/debug/Mcal_layer/Atmega328P_Mcal_gpio/Atmega328P_Mcal_gpio.o
 .debug_info    0x000018bd       0xb8 build/Config_1/debug/Mcal_layer/Device_config/Atmega328p_device_config.o
 .debug_info    0x00001975      0x51d build/Config_1/debug/Application.o

.debug_abbrev   0x00000000      0xc53
 *(.debug_abbrev)
 .debug_abbrev  0x00000000      0x5a2 C:/Mplap/packs/Microchip/ATmega_DFP/3.0.158/gcc/dev/atmega328/avr5/crtatmega328.o
 .debug_abbrev  0x000005a2      0x11b build/Config_1/debug/Ecal_layer/ecu_led/ecu_led.o
 .debug_abbrev  0x000006bd      0x1ae build/Config_1/debug/Ecal_layer/ecu_push_button/ecu_push_button.o
 .debug_abbrev  0x0000086b      0x173 build/Config_1/debug/Mcal_layer/Atmega328P_Mcal_gpio/Atmega328P_Mcal_gpio.o
 .debug_abbrev  0x000009de       0x6f build/Config_1/debug/Mcal_layer/Device_config/Atmega328p_device_config.o
 .debug_abbrev  0x00000a4d      0x206 build/Config_1/debug/Application.o

.debug_line     0x00000000      0x9ee
 *(.debug_line .debug_line.* .debug_line_end)
 .debug_line    0x00000000      0x134 C:/Mplap/packs/Microchip/ATmega_DFP/3.0.158/gcc/dev/atmega328/avr5/crtatmega328.o
 .debug_line    0x00000134      0x156 build/Config_1/debug/Ecal_layer/ecu_led/ecu_led.o
 .debug_line    0x0000028a      0x253 build/Config_1/debug/Ecal_layer/ecu_push_button/ecu_push_button.o
 .debug_line    0x000004dd      0x1f5 build/Config_1/debug/Mcal_layer/Atmega328P_Mcal_gpio/Atmega328P_Mcal_gpio.o
 .debug_line    0x000006d2       0xb5 build/Config_1/debug/Mcal_layer/Device_config/Atmega328p_device_config.o
 .debug_line    0x00000787      0x267 build/Config_1/debug/Application.o

.debug_frame    0x00000000      0x21c
 *(.debug_frame)
 .debug_frame   0x00000000       0x94 build/Config_1/debug/Ecal_layer/ecu_led/ecu_led.o
 .debug_frame   0x00000094       0x74 build/Config_1/debug/Ecal_layer/ecu_push_button/ecu_push_button.o
 .debug_frame   0x00000108       0xd0 build/Config_1/debug/Mcal_layer/Atmega328P_Mcal_gpio/Atmega328P_Mcal_gpio.o
 .debug_frame   0x000001d8       0x44 build/Config_1/debug/Application.o

.debug_str      0x00000000      0x88f
 *(.debug_str)
 .debug_str     0x00000000      0x208 C:/Mplap/packs/Microchip/ATmega_DFP/3.0.158/gcc/dev/atmega328/avr5/crtatmega328.o
 .debug_str     0x00000208      0x203 build/Config_1/debug/Ecal_layer/ecu_led/ecu_led.o
                                0x255 (size before relaxing)
 .debug_str     0x0000040b      0x193 build/Config_1/debug/Ecal_layer/ecu_push_button/ecu_push_button.o
                                0x350 (size before relaxing)
 .debug_str     0x0000059e      0x1cb build/Config_1/debug/Mcal_layer/Atmega328P_Mcal_gpio/Atmega328P_Mcal_gpio.o
                                0x3f0 (size before relaxing)
 .debug_str     0x00000769       0x59 build/Config_1/debug/Mcal_layer/Device_config/Atmega328p_device_config.o
                                0x1a2 (size before relaxing)
 .debug_str     0x000007c2       0xcd build/Config_1/debug/Application.o
                                0x3d7 (size before relaxing)

.debug_loc      0x00000000      0xcd8
 *(.debug_loc)
 .debug_loc     0x00000000      0x348 build/Config_1/debug/Ecal_layer/ecu_led/ecu_led.o
 .debug_loc     0x00000348      0x407 build/Config_1/debug/Ecal_layer/ecu_push_button/ecu_push_button.o
 .debug_loc     0x0000074f      0x4fb build/Config_1/debug/Mcal_layer/Atmega328P_Mcal_gpio/Atmega328P_Mcal_gpio.o
 .debug_loc     0x00000c4a       0x8e build/Config_1/debug/Application.o

.debug_macinfo
 *(.debug_macinfo)

.debug_weaknames
 *(.debug_weaknames)

.debug_funcnames
 *(.debug_funcnames)

.debug_typenames
 *(.debug_typenames)

.debug_varnames
 *(.debug_varnames)

.debug_pubtypes
 *(.debug_pubtypes)

.debug_ranges   0x00000000       0xb8
 *(.debug_ranges)
 .debug_ranges  0x00000000       0x28 build/Config_1/debug/Ecal_layer/ecu_led/ecu_led.o
 .debug_ranges  0x00000028       0x18 build/Config_1/debug/Ecal_layer/ecu_push_button/ecu_push_button.o
 .debug_ranges  0x00000040       0x60 build/Config_1/debug/Mcal_layer/Atmega328P_Mcal_gpio/Atmega328P_Mcal_gpio.o
 .debug_ranges  0x000000a0       0x18 build/Config_1/debug/Application.o

.debug_macro
 *(.debug_macro)
OUTPUT(dist/Config_1/debug/Air_cond.debug.elf elf32-avr)
LOAD linker stubs
